###############################################################################
#
# IAR ELF Linker V3.10.1.201 for STM8                     21/Apr/2018  12:38:00
# Copyright 2010-2017 IAR Systems AB.
#
#    Output file  =  
#        D:\Dokumente\STM8Projects\STM8S103 C-Projects\Software I2C
#        Test\Debug\Exe\STM8S103SoftI2C.out
#    Map file     =  
#        D:\Dokumente\STM8Projects\STM8S103 C-Projects\Software I2C
#        Test\Debug\List\STM8S103SoftI2C.map
#    Command line =  
#        -f C:\Users\STANDA~1\AppData\Local\Temp\EW263B.tmp
#        ("D:\Dokumente\STM8Projects\STM8S103 C-Projects\Software I2C
#        Test\Debug\Obj\main.o" --redirect _Printf=_PrintfFullNoMb --redirect
#        _Scanf=_ScanfFullNoMb -o "D:\Dokumente\STM8Projects\STM8S103
#        C-Projects\Software I2C Test\Debug\Exe\STM8S103SoftI2C.out" --map
#        "D:\Dokumente\STM8Projects\STM8S103 C-Projects\Software I2C
#        Test\Debug\List\STM8S103SoftI2C.map" --config "D:\Programme\IAR
#        Embedded Workbench STM8 3101\stm8\config\lnkstm8s103f3.icf"
#        --config_def _CSTACK_SIZE=0x100 --config_def _HEAP_SIZE=0x100 --entry
#        __iar_program_start --debug_lib)
#
###############################################################################

*******************************************************************************
*** RUNTIME MODEL ATTRIBUTES
***

__SystemLibrary            = DLib
__code_model               = small
__core                     = stm8
__data_model               = medium
__dlib_file_descriptor     = 0
__dlib_full_locale_support = 0
__rt_version               = 4


*******************************************************************************
*** PLACEMENT SUMMARY
***

"A0":  place at start of [0x000000-0x0000ff] { rw section .vregs };
"A1":  place at end of [0x000000-0x0003ff] { block CSTACK };
"P2":  place in [from 0x000000 to 0x0003ff] {
          block HEAP, rw section __DLIB_PERTHREAD, rw section .far.bss,
          rw section .far.data, rw section .far.noinit,
          rw section .far_func.textrw, rw section .huge.bss,
          rw section .huge.data, rw section .huge.noinit,
          rw section .huge_func.textrw, rw section .iar.dynexit,
          rw section .near.bss, rw section .near.data, rw section .near.noinit,
          rw section .near_func.textrw };
"A2":  place at start of [0x008000-0x009fff] { block INTVEC };
"P3":  place in [from 0x008000 to 0x009fff] {
          ro section __DLIB_PERTHREAD_init, ro section .far.data_init,
          ro section .far_func.textrw_init, ro section .huge.data_init,
          ro section .huge_func.textrw_init, ro section .iar.init_table,
          ro section .init_array, ro section .near.data_init,
          ro section .near.rodata, ro section .near_func.text,
          ro section .near_func.textrw_init, ro section .tiny.data_init,
          ro section .tiny.rodata_init };
"P4":  place in [from 0x008000 to 0x009fff] {
          ro section .far.rodata, ro section .far_func.text };
"P5":  place in [from 0x008000 to 0x009fff] {
          ro section .huge.rodata, ro section .huge_func.text };
do not initialize {
   rw section .eeprom.noinit, rw section .far.noinit, rw section .huge.noinit,
   rw section .near.noinit, rw section .tiny.noinit, rw section .vregs };
initialize by copy {
   rw section .far.bss, rw section .far.data, rw section .far_func.textrw,
   rw section .huge.bss, rw section .huge.data, rw section .huge_func.textrw,
   rw section .iar.dynexit, rw section .near.bss, rw section .near.data,
   rw section .near_func.textrw, rw section .tiny.bss, rw section .tiny.data,
   ro section .tiny.rodata };

  Section            Kind      Address   Size  Object
  -------            ----      -------   ----  ------
"A0":                                    0x10
  .vregs             uninit   0x000000   0x10  vregs.o [4]
                            - 0x000010   0x10

"P2", part 1 of 3:                      0x276
  .near.bss          zero     0x000010  0x276  main.o [1]
                            - 0x000286  0x276

"P2", part 2 of 3:                       0x66
  .near.bss          zero     0x000286   0x55  main.o [1]
  .near.bss          zero     0x0002db    0x4  main.o [1]
  .near.bss          zero     0x0002df    0x4  main.o [1]
  .near.bss          zero     0x0002e3    0x4  main.o [1]
  .near.bss          zero     0x0002e7    0x2  main.o [1]
  .near.bss          zero     0x0002e9    0x2  main.o [1]
  .near.bss          zero     0x0002eb    0x1  main.o [1]
                            - 0x0002ec   0x66

"P2", part 3 of 3:                       0x12
  P2-1                        0x0002ec   0x12  <Init block>
    .near.data       inited   0x0002ec    0x1  main.o [1]
    .near.data       inited   0x0002ed    0x1  main.o [1]
    .near.data       inited   0x0002ee   0x10  main.o [1]
                            - 0x0002fe   0x12

"A1":                                   0x100
  CSTACK                      0x000300  0x100  <Block>
    CSTACK           uninit   0x000300  0x100  <Block tail>
                            - 0x000400  0x100

Absolute sections, part 1 of 7:           0x1
  .near.noinit       uninit   0x00500a    0x1  main.o [1]
                            - 0x00500b    0x1

Absolute sections, part 2 of 7:           0x2
  .near.noinit       uninit   0x00500c    0x1  main.o [1]
  .near.noinit       uninit   0x00500d    0x1  main.o [1]
                            - 0x00500e    0x2

Absolute sections, part 3 of 7:           0x4
  .near.noinit       uninit   0x00500f    0x1  main.o [1]
  .near.noinit       uninit   0x005010    0x1  main.o [1]
  .near.noinit       uninit   0x005011    0x1  main.o [1]
  .near.noinit       uninit   0x005012    0x1  main.o [1]
                            - 0x005013    0x4

Absolute sections, part 4 of 7:           0x2
  .near.noinit       uninit   0x0050c6    0x1  main.o [1]
  .near.noinit       uninit   0x0050c7    0x1  main.o [1]
                            - 0x0050c8    0x2

Absolute sections, part 5 of 7:           0x1
  .near.noinit       uninit   0x005340    0x1  main.o [1]
                            - 0x005341    0x1

Absolute sections, part 6 of 7:           0x2
  .near.noinit       uninit   0x005343    0x1  main.o [1]
  .near.noinit       uninit   0x005344    0x1  main.o [1]
                            - 0x005345    0x2

Absolute sections, part 7 of 7:           0x1
  .near.noinit       uninit   0x005347    0x1  main.o [1]
                            - 0x005348    0x1

"A2":                                    0x80
  INTVEC                      0x008000   0x80  <Block>
    .intvec          const    0x008000   0x80  interrupt.o [4]
                            - 0x008080   0x80

"P3-P5":                                0xd81
  .near_func.text    ro code  0x008080  0x61d  main.o [1]
  .near.rodata       const    0x00869d  0x26a  main.o [1]
  .near_func.text    ro code  0x008907  0x20c  long.o [4]
  .near_func.text    ro code  0x008b13   0xff  vreg_util.o [4]
  .near_func.text    ro code  0x008c12   0x60  main.o [1]
  .near_func.text    ro code  0x008c72   0x37  long_util.o [4]
  .near_func.text    ro code  0x008ca9   0x35  short.o [4]
  .near_func.text    ro code  0x008cde   0x28  init_small.o [4]
  .iar.init_table    const    0x008d06   0x16  - Linker created -
  .near_func.text    ro code  0x008d1c   0x1f  dc_util.o [4]
  .near_func.text    ro code  0x008d3b   0x1e  init_small.o [4]
  .near.rodata       const    0x008d59   0x1c  main.o [1]
  .near_func.text    ro code  0x008d75   0x14  init.o [4]
  .near_func.text    ro code  0x008d89   0x14  __dbg_xxexit.o [3]
  .near_func.text    ro code  0x008d9d   0x13  cstartup.o [4]
  .near_func.text    ro code  0x008db0   0x12  main.o [1]
  Initializer bytes  const    0x008dc2   0x12  <for P2-1>
  .near_func.text    ro code  0x008dd4    0xc  main.o [1]
  .near_func.text    ro code  0x008de0    0xa  char.o [4]
  .near.rodata       const    0x008dea    0x5  main.o [1]
  .near_func.text    ro code  0x008def    0x5  cexit.o [4]
  .near_func.text    ro code  0x008df4    0x3  interrupt.o [4]
  .near_func.text    ro code  0x008df7    0x3  low_level_init.o [4]
  .near_func.text    ro code  0x008dfa    0x3  exit.o [4]
  .near_func.text    ro code  0x008dfd    0x3  unhandled_exception.o [4]
  .near_func.text    ro code  0x008e00    0x1  __dbg_break.o [3]
                            - 0x008e01  0xd81


*******************************************************************************
*** INIT TABLE
***

          Address   Size
          -------   ----
Zero (__iar_zero_init2)
    2 destination ranges, total size 0x2dc:
          0x000010  0x276
          0x000286   0x66

Copy (__iar_copy_init2)
    1 source range, total size 0x12:
          0x008dc2   0x12
    1 destination range, total size 0x12:
          0x0002ec   0x12



*******************************************************************************
*** MODULE SUMMARY
***

    Module                 ro code  ro data  rw data  rw data
                                                       (abs)
    ------                 -------  -------  -------  -------
D:\Dokumente\STM8Projects\STM8S103 C-Projects\Software I2C Test\Debug\Obj: [1]
    main.o                   1 691      669      750       13
    ---------------------------------------------------------
    Total:                   1 691      669      750       13

command line: [2]
    ---------------------------------------------------------
    Total:

dbgstm8smd.a: [3]
    __dbg_break.o                1
    __dbg_xxexit.o              20
    ---------------------------------------------------------
    Total:                      21

dlstm8smn.a: [4]
    cexit.o                      5
    char.o                      10
    cstartup.o                  19
    dc_util.o                   31
    exit.o                       3
    init.o                      20
    init_small.o                70
    interrupt.o                  3      128
    long.o                     524
    long_util.o                 55
    low_level_init.o             3
    short.o                     53
    unhandled_exception.o        3
    vreg_util.o                255
    vregs.o                                       16
    ---------------------------------------------------------
    Total:                   1 054      128       16

    Linker created                       22      256
-------------------------------------------------------------
    Grand Total:             2 766      819    1 022       13


*******************************************************************************
*** ENTRY LIST
***

Entry                    Address   Size  Type      Object
-----                    -------   ----  ----      ------
.iar.init_table$$Base   0x008d06          --   Gb  - Linker created -
.iar.init_table$$Limit  0x008d1c          --   Gb  - Linker created -
?add32_l0_l0_0x         0x00891f         Code  Gb  long.o [4]
?add32_l0_l0_dl         0x008917         Code  Gb  long.o [4]
?add32_l0_l0_l1         0x00891c         Code  Gb  long.o [4]
?b0                     0x000000         Data  Gb  vregs.o [4]
?b1                     0x000001         Data  Gb  vregs.o [4]
?b10                    0x00000a         Data  Gb  vregs.o [4]
?b11                    0x00000b         Data  Gb  vregs.o [4]
?b12                    0x00000c         Data  Gb  vregs.o [4]
?b13                    0x00000d         Data  Gb  vregs.o [4]
?b14                    0x00000e         Data  Gb  vregs.o [4]
?b15                    0x00000f         Data  Gb  vregs.o [4]
?b2                     0x000002         Data  Gb  vregs.o [4]
?b3                     0x000003         Data  Gb  vregs.o [4]
?b4                     0x000004         Data  Gb  vregs.o [4]
?b5                     0x000005         Data  Gb  vregs.o [4]
?b6                     0x000006         Data  Gb  vregs.o [4]
?b7                     0x000007         Data  Gb  vregs.o [4]
?b8                     0x000008         Data  Gb  vregs.o [4]
?b9                     0x000009         Data  Gb  vregs.o [4]
?dc32_l1                0x008d23         Code  Gb  dc_util.o [4]
?dc32_px                0x008d30         Code  Gb  dc_util.o [4]
?dc8_px                 0x008d1c         Code  Gb  dc_util.o [4]
?e0                     0x000001         Data  Gb  vregs.o [4]
?e1                     0x000005         Data  Gb  vregs.o [4]
?e2                     0x000009         Data  Gb  vregs.o [4]
?e3                     0x00000d         Data  Gb  vregs.o [4]
?epilogue_l2            0x008ba2         Code  Gb  vreg_util.o [4]
?epilogue_l2_l3         0x008b9f         Code  Gb  vreg_util.o [4]
?epilogue_w4            0x008ba6         Code  Gb  vreg_util.o [4]
?l0                     0x000000         Data  Gb  vregs.o [4]
?l1                     0x000004         Data  Gb  vregs.o [4]
?l2                     0x000008         Data  Gb  vregs.o [4]
?l3                     0x00000c         Data  Gb  vregs.o [4]
?load32_0x_l0           0x008c9b         Code  Gb  long_util.o [4]
?load32_asp_l0          0x008c8f         Code  Gb  long_util.o [4]
?load32_dbsp_l0         0x008c8a         Code  Gb  long_util.o [4]
?load32_l0_0x           0x008c72         Code  Gb  long_util.o [4]
?load32_l1_0x           0x008c7e         Code  Gb  long_util.o [4]
?load32_xsp_l0          0x008c91         Code  Gb  long_util.o [4]
?mov_e0_e1              0x008bad         Code  Gb  vreg_util.o [4]
?mov_e0_e2              0x008bba         Code  Gb  vreg_util.o [4]
?mov_e0_e3              0x008bc7         Code  Gb  vreg_util.o [4]
?mov_e1_e0              0x008bd4         Code  Gb  vreg_util.o [4]
?mov_e1_e2              0x008be1         Code  Gb  vreg_util.o [4]
?mov_e1_e3              0x008bee         Code  Gb  vreg_util.o [4]
?mov_e2_e0              0x008bfb         Code  Gb  vreg_util.o [4]
?mov_e3_e0              0x008c08         Code  Gb  vreg_util.o [4]
?mov_l0_l1              0x008baa         Code  Gb  vreg_util.o [4]
?mov_l0_l2              0x008bb7         Code  Gb  vreg_util.o [4]
?mov_l0_l3              0x008bc4         Code  Gb  vreg_util.o [4]
?mov_l1_l0              0x008bd1         Code  Gb  vreg_util.o [4]
?mov_l1_l2              0x008bde         Code  Gb  vreg_util.o [4]
?mov_l1_l3              0x008beb         Code  Gb  vreg_util.o [4]
?mov_l2_l0              0x008bf8         Code  Gb  vreg_util.o [4]
?mov_l3_l0              0x008c05         Code  Gb  vreg_util.o [4]
?mov_w1_w3              0x008bb0         Code  Gb  vreg_util.o [4]
?mov_w1_w5              0x008bbd         Code  Gb  vreg_util.o [4]
?mov_w1_w7              0x008bca         Code  Gb  vreg_util.o [4]
?mov_w3_w1              0x008bd7         Code  Gb  vreg_util.o [4]
?mov_w3_w5              0x008be4         Code  Gb  vreg_util.o [4]
?mov_w3_w7              0x008bf1         Code  Gb  vreg_util.o [4]
?mov_w5_w1              0x008bfe         Code  Gb  vreg_util.o [4]
?mov_w7_w1              0x008c0b         Code  Gb  vreg_util.o [4]
?mul16_x_x_w0           0x008ca9         Code  Gb  short.o [4]
?mul32_l0_l0_0x         0x008955         Code  Gb  long.o [4]
?mul32_l0_l0_dl         0x008952         Code  Gb  long.o [4]
?mul32_l0_l0_l1         0x00895e         Code  Gb  long.o [4]
?neg32_l0_l0            0x008907         Code  Gb  long.o [4]
?or32_l0_l0_0x          0x008ab1         Code  Gb  long.o [4]
?or32_l0_l0_l1          0x008aae         Code  Gb  long.o [4]
?pop_l0                 0x008b6b         Code  Gb  vreg_util.o [4]
?pop_l1                 0x008b76         Code  Gb  vreg_util.o [4]
?pop_l2                 0x008b81         Code  Gb  vreg_util.o [4]
?pop_l3                 0x008b8c         Code  Gb  vreg_util.o [4]
?pop_w4                 0x008b2b         Code  Gb  vreg_util.o [4]
?push_l0                0x008b3a         Code  Gb  vreg_util.o [4]
?push_l1                0x008b3f         Code  Gb  vreg_util.o [4]
?push_l2                0x008b44         Code  Gb  vreg_util.o [4]
?push_l3                0x008b49         Code  Gb  vreg_util.o [4]
?push_w4                0x008b13         Code  Gb  vreg_util.o [4]
?scmp32_c_l0_l1         0x008a97         Code  Gb  long.o [4]
?sdiv32_l0_l0_dl        0x008a4e         Code  Gb  long.o [4]
?sdiv32_l0_l0_l1        0x008a51         Code  Gb  long.o [4]
?sext16_x_a             0x008cd7         Code  Gb  short.o [4]
?sext32_l0_x            0x008b08         Code  Gb  long.o [4]
?sll16_x_x_4            0x008cd2         Code  Gb  short.o [4]
?sll16_x_x_5            0x008cd1         Code  Gb  short.o [4]
?sll16_x_x_6            0x008cd0         Code  Gb  short.o [4]
?sll16_x_x_7            0x008ccf         Code  Gb  short.o [4]
?sll16_x_x_a            0x008cc7         Code  Gb  short.o [4]
?sll32_0x_0x_a          0x008ad0         Code  Gb  long.o [4]
?sll32_l0_l0_a          0x008acd         Code  Gb  long.o [4]
?sll32_l0_l0_db         0x008ac9         Code  Gb  long.o [4]
?sll8_a_a_b0            0x008de0         Code  Gb  char.o [4]
?smod32_l1_l0_dl        0x008a49         Code  Gb  long.o [4]
?smod32_l1_l0_l1        0x008a51         Code  Gb  long.o [4]
?sra32_0x_0x_a          0x008afa         Code  Gb  long.o [4]
?sra32_l0_l0_a          0x008af7         Code  Gb  long.o [4]
?sra32_l0_l0_db         0x008af3         Code  Gb  long.o [4]
?srl32_0x_0x_a          0x008ae5         Code  Gb  long.o [4]
?srl32_l0_l0_a          0x008ae2         Code  Gb  long.o [4]
?srl32_l0_l0_db         0x008ade         Code  Gb  long.o [4]
?sub32_l0_l0_0x         0x00893a         Code  Gb  long.o [4]
?sub32_l0_l0_l1         0x008937         Code  Gb  long.o [4]
?udiv32_l0_l0_l1        0x0089dc         Code  Gb  long.o [4]
?umod32_l1_l0_l1        0x0089dc         Code  Gb  long.o [4]
?w0                     0x000000         Data  Gb  vregs.o [4]
?w1                     0x000002         Data  Gb  vregs.o [4]
?w2                     0x000004         Data  Gb  vregs.o [4]
?w3                     0x000006         Data  Gb  vregs.o [4]
?w4                     0x000008         Data  Gb  vregs.o [4]
?w5                     0x00000a         Data  Gb  vregs.o [4]
?w6                     0x00000c         Data  Gb  vregs.o [4]
?w7                     0x00000e         Data  Gb  vregs.o [4]
BMP280_SLAVE_READ       0x0002ed    0x1  Data  Lc  main.o [1]
BMP280_SLAVE_WRITE      0x0002ec    0x1  Data  Lc  main.o [1]
CLK_PCKENR1             0x0050c7    0x1  Data  Gb  main.o [1]
CSTACK$$Base            0x000300          --   Gb  - Linker created -
CSTACK$$Limit           0x000400          --   Gb  - Linker created -
I2CMasterAck            0x008183    0xb  Code  Gb  main.o [1]
I2CMasterNAck           0x00818e    0x7  Code  Gb  main.o [1]
I2CReadByte             0x0081e1   0x2e  Code  Gb  main.o [1]
I2CSendData             0x0081a3   0x39  Code  Gb  main.o [1]
I2CSendDataWithSlaveAck
                        0x008218   0x20  Code  Gb  main.o [1]
I2CStart                0x008163    0xc  Code  Gb  main.o [1]
I2CStop                 0x00816f    0xa  Code  Gb  main.o [1]
INTVEC$$Base            0x008000          --   Gb  - Linker created -
INTVEC$$Limit           0x008080          --   Gb  - Linker created -
Region$$Table$$Base     0x008d06          --   Gb  - Linker created -
Region$$Table$$Limit    0x008d1c          --   Gb  - Linker created -
SPISendByte             0x008087   0x39  Code  Gb  main.o [1]
SPISendData             0x0080c0   0x1c  Code  Gb  main.o [1]
TIM4_UPD_OVF_IRQHandler
                        0x008c12   0x60  Code  Gb  main.o [1]
_A_CLK_CKDIVR           0x0050c6    0x1  Data  Gb  main.o [1]
_A_PC_CR1               0x00500d    0x1  Data  Gb  main.o [1]
_A_PC_DDR               0x00500c    0x1  Data  Gb  main.o [1]
_A_PC_ODR               0x00500a    0x1  Data  Gb  main.o [1]
_A_PD_CR1               0x005012    0x1  Data  Gb  main.o [1]
_A_PD_DDR               0x005011    0x1  Data  Gb  main.o [1]
_A_PD_IDR               0x005010    0x1  Data  Gb  main.o [1]
_A_PD_ODR               0x00500f    0x1  Data  Gb  main.o [1]
_A_TIM4_CR1             0x005340    0x1  Data  Gb  main.o [1]
_A_TIM4_IER             0x005343    0x1  Data  Gb  main.o [1]
_A_TIM4_PSCR            0x005347    0x1  Data  Gb  main.o [1]
_A_TIM4_SR              0x005344    0x1  Data  Gb  main.o [1]
__DebugBreak            0x008e00    0x1  Code  Gb  __dbg_break.o [3]
__exit                  0x008d89   0x14  Code  Gb  __dbg_xxexit.o [3]
__iar_copy_init2        0x008cde         Code  Gb  init_small.o [4]
__iar_data_init2        0x008d75   0x14  Code  Gb  init.o [4]
__iar_program_start     0x008d9d         Code  Gb  cstartup.o [4]
__iar_unhandled_exception
                        0x008dfd         Code  Gb  unhandled_exception.o [4]
__iar_zero_init2        0x008d3b         Code  Gb  init_small.o [4]
__intvec                0x008000         Data  Gb  interrupt.o [4]
__low_level_init        0x008df7    0x3  Code  Gb  low_level_init.o [4]
_exit                   0x008def         Code  Gb  cexit.o [4]
_interrupt_25           0x008c12         Code  Gb  main.o [1]
actualIndex             0x0002e7    0x2  Data  Gb  main.o [1]
addNewMeasurement       0x0085bb   0x20  Code  Gb  main.o [1]
applyBuffer             0x008567   0x1c  Code  Gb  main.o [1]
buffer                  0x0002ee   0x10  Data  Gb  main.o [1]
delay                   0x008080    0x7  Code  Gb  main.o [1]
didInitBMP280           0x0002eb    0x1  Data  Gb  main.o [1]
dig_T1                  0x0002db    0x4  Data  Lc  main.o [1]
dig_T2                  0x0002df    0x4  Data  Lc  main.o [1]
dig_T3                  0x0002e3    0x4  Data  Lc  main.o [1]
displayBuffer           0x000010  0x276  Data  Lc  main.o [1]
displayGraph            0x00866d   0x30  Code  Gb  main.o [1]
exit                    0x008dfa    0x3  Code  Gb  exit.o [4]
getBMP280Temperature    0x008360   0xab  Code  Gb  main.o [1]
initBMP280              0x0082a8   0x9e  Code  Gb  main.o [1]
initI2C                 0x008122   0x41  Code  Gb  main.o [1]
initMAX7219             0x0080dc   0x46  Code  Gb  main.o [1]
initTimer               0x008db0   0x12  Code  Gb  main.o [1]
lcd_clrscr              0x00845b   0x29  Code  Gb  main.o [1]
lcd_command             0x008449    0xa  Code  Gb  main.o [1]
lcd_display             0x008531    0xf  Code  Gb  main.o [1]
lcd_drawPixel           0x008502   0x2f  Code  Gb  main.o [1]
lcd_gotoxy              0x00840b   0x3e  Code  Gb  main.o [1]
lcd_init                0x008484   0x19  Code  Gb  main.o [1]
lcd_putc                0x00849d   0x40  Code  Gb  main.o [1]
lcd_puts                0x0084ed    0xe  Code  Gb  main.o [1]
main                    0x008dd4    0xc  Code  Gb  main.o [1]
readBMP280              0x008245   0x63  Code  Gb  main.o [1]
shuffleLeft             0x008583   0x38  Code  Gb  main.o [1]
ssd1306_init_sequence   0x008d59   0x1c  Data  Gb  main.o [1]
ssd1306oled_font6x8     0x00869d  0x26a  Data  Lc  main.o [1]
storage                 0x000286   0x55  Data  Gb  main.o [1]
tim4Time                0x0002e9    0x2  Data  Gb  main.o [1]
updateTemperature       0x0085db   0x86  Code  Gb  main.o [1]


[1] = D:\Dokumente\STM8Projects\STM8S103 C-Projects\Software I2C Test\Debug\Obj
[2] = command line
[3] = dbgstm8smd.a
[4] = dlstm8smn.a

  2 766 bytes of readonly  code memory
    819 bytes of readonly  data memory
  1 022 bytes of readwrite data memory (+ 13 absolute)

Errors: none
Warnings: none
